{
    "dna": [
        "TTGCTT",
        "CTGTGT",
        "TTAAGG",
        "AGACGG",
        "CCTGTC",
        "TCTGTT"
    ]
}